// Jest Snapshot v1, https://goo.gl/fbAQLP

exports[`tests on <TodoApp /> should render correctly 1`] = `
<div>
  <h1>
    TodoApp ( 
    0
     )
  </h1>
  <h2>
    useReducer
  </h2>
  <hr />
  <div
    className="row"
  >
    <div
      className="col-7"
    >
      <TodoList
        handleDelete={[Function]}
        handleToggle={[Function]}
        todos={Array []}
      />
    </div>
    <div
      className="col-5"
    >
      <TodoAdd
        handleAddTodo={[Function]}
      />
    </div>
  </div>
</div>
`;
