// Jest Snapshot v1, https://goo.gl/fbAQLP

exports[`tests on <TodoAdd /> should render correctly 1`] = `
<Fragment>
  <h4>
    Agregar Todo
  </h4>
  <hr />
  <form
    onSubmit={[Function]}
  >
    <input
      autoComplete="off"
      className="form-control"
      name="description"
      onChange={[Function]}
      placeholder="Tarea a realizar"
      type="text"
      value=""
    />
    <div
      className="d-grid"
    >
      <button
        className="btn btn-outline-info mt-1 btn-block"
        type="submit"
      >
        Agreagr
      </button>
    </div>
  </form>
</Fragment>
`;
