// Jest Snapshot v1, https://goo.gl/fbAQLP

exports[`Tests on <MultipleHooks /> should render correctly 1`] = `
<div>
  <h1>
    Custom Hooks!
  </h1>
  <h2>
    Breaking Bad quotes
  </h2>
  <hr />
  <div
    className="alert alert-info text-center"
  >
    Loading...
  </div>
  <button
    className="btn btn-primary"
    onClick={[Function]}
  >
    Siguiente frase
  </button>
</div>
`;
