// Jest Snapshot v1, https://goo.gl/fbAQLP

exports[`tests on <RealRef /> should show correctly 1`] = `
<div>
  <h1>
    Example UseRef
  </h1>
  <hr />
  <button
    className="btn btn-outline-info mt-2"
    onClick={[Function]}
  >
    Mostrar/Ocultar
  </button>
</div>
`;
