// Jest Snapshot v1, https://goo.gl/fbAQLP

exports[`tests on <HomeScreen /> should render correctly 1`] = `
<div>
  <h1>
    HomeScreen
  </h1>
  <hr />
  <pre>
    {
   "name": "Albus",
   "email": "lol@lol.com"
}
  </pre>
</div>
`;
